
> iot-club@0.1.0 build
> next build

node.exe : ΓÜá 
Warning: Next.js 
inferred your 
workspace root, but 
it may not be 
correct.
At line:1 char:1
+ & "C:\Program File
s\nodejs/node.exe" 
"C:\Program Files\no
dejs/node_mo ...
+ ~~~~~~~~~~~~~~~~~~
~~~~~~~~~~~~~~~~~~~~
~~~~~~~~~~~~~~~~~~~~
~~~~~~~~~~~
    + CategoryInfo  
            : NotS  
  pecified: (ΓÜá    
 Warning: Ne...n    
ot be correct.:    
String) [], Rem    
oteException
    + FullyQualifie 
   dErrorId : Nati  
  veCommandError
 
 We detected 
multiple lockfiles 
and selected the 
directory of C:\User
s\vedan\package-lock
.json as the root 
directory.
 To silence this 
warning, set 
`turbopack.root` in 
your Next.js 
config, or consider 
removing one of the 
lockfiles if it's 
not needed.
   See https://nextj
s.org/docs/app/api-r
eference/config/next
-config-js/turbopack
#root-directory for 
more information.
 Detected 
additional 
lockfiles: 
   * C:\Users\vedan\
Downloads\iot 
deployed v1\iot-webs
ite\package-lock.jso
n

Γû▓ Next.js 16.1.3 (Turbopack)
- Environments: .env.local

  Creating an optimized production build ...
Γ£ô Compiled successfully in 8.2s
  Running TypeScript ...
Failed to compile.

./src/app/checkin/pa
ge.tsx:101:17
Type error: 
Argument of type 
'undefined' is not 
assignable to 
parameter of type 
'string | null'.

[0m [90m  99 
|[39m         
[36mtry[39m {
 [90m 100 |[39m   
          
[36mawait[39m read
erRef[33m.[39mcurr
ent[33m.[39mdecode
FromVideoDevice(
[31m[1m>[22m[39m
[90m 101 |[39m    
             undefin
ed[33m,[39m 
[90m// Use default 
camera[39m
 [90m     |[39m   
              
[31m[1m^[22m[39m
 [90m 102 |[39m   
              videoR
ef[33m.[39mcurrent
[33m,[39m
 [90m 103 |[39m   
              (decod
edResult[33m,[39m 
err) [33m=>[39m {
 [90m 104 |[39m   
                  
[36mif[39m 
(decodedResult) 
{[0m
Next.js build 
worker exited with 
code: 1 and signal: 
null
